﻿
> cyberverse_registration@0.0.0 build
> vite build

[36mvite v8.0.10 [32mbuilding client environment for production...[36m[39m
[2K
transforming...Γ£ô 1729 modules transformed.
node.exe : [31mΓ£ù[39m Build failed in 754ms
At C:\Program Files\nodejs\npm.ps1:29 char:3
+   & $NODE_EXE $NPM_CLI_JS $args
+   ~~~~~~~~~~~~~~~~~~~~~~~~~~~~~
    + CategoryInfo          : NotSpecified: ([31mΓ£ù[39m Build failed in 754ms:String) [], RemoteException
    + FullyQualifiedErrorId : NativeCommandError
 
[31merror during build:
[31mBuild failed with 1 error:

[plugin vite:css] C:/Users/sarjare/.gemini/antigravity/scratch/cyberverse_registration/src/index.css:undefined:NaN
Error: [postcss] It looks like you're trying to use `tailwindcss` directly as a PostCSS plugin. The PostCSS plugin has 
moved to a separate package, so to continue using Tailwind CSS with PostCSS you'll need to install 
`@tailwindcss/postcss` and update your PostCSS configuration.
    at ft 
(C:\Users\sarjare\.gemini\antigravity\scratch\cyberverse_registration\node_modules\tailwindcss\dist\lib.js:38:1643)
    at LazyResult.runOnRoot 
(C:\Users\sarjare\.gemini\antigravity\scratch\cyberverse_registration\node_modules\postcss\lib\lazy-result.js:361:16)
    at LazyResult.runAsync 
(C:\Users\sarjare\.gemini\antigravity\scratch\cyberverse_registration\node_modules\postcss\lib\lazy-result.js:290:26)
    at LazyResult.async 
(C:\Users\sarjare\.gemini\antigravity\scratch\cyberverse_registration\node_modules\postcss\lib\lazy-result.js:192:30)
    at LazyResult.then (C:\Users\sarjare\.gemini\antigravity\scratch\cyberverse_registration\node_modules\postcss\lib\l
azy-result.js:449:17)[31m
    at aggregateBindingErrorsIntoJsError (file:///C:/Users/sarjare/.gemini/antigravity/scratch/cyberverse_registration/
node_modules/rolldown/dist/shared/error-DL-e8-oE.mjs:48:18)
    at unwrapBindingResult (file:///C:/Users/sarjare/.gemini/antigravity/scratch/cyberverse_registration/node_modules/r
olldown/dist/shared/error-DL-e8-oE.mjs:18:128)
    at #build (file:///C:/Users/sarjare/.gemini/antigravity/scratch/cyberverse_registration/node_modules/rolldown/dist/
shared/rolldown-build-DSxL8qiP.mjs:3317:34)
    at async buildEnvironment (file:///C:/Users/sarjare/.gemini/antigravity/scratch/cyberverse_registration/node_module
s/vite/dist/node/chunks/node.js:33018:64)
    at async Object.build (file:///C:/Users/sarjare/.gemini/antigravity/scratch/cyberverse_registration/node_modules/vi
te/dist/node/chunks/node.js:33440:19)
    at async Object.buildApp (file:///C:/Users/sarjare/.gemini/antigravity/scratch/cyberverse_registration/node_modules
/vite/dist/node/chunks/node.js:33437:153)
    at async CAC.<anonymous> (file:///C:/Users/sarjare/.gemini/antigravity/scratch/cyberverse_registration/node_modules
/vite/dist/node/cli.js:778:3) {
  errors: [Getter/Setter]
}[39m
